0 verbose cli C:\Program Files\nodejs\node.exe C:\Program Files\nodejs\node_modules\npm\bin\npm-cli.js
1 info using npm@11.9.0
2 info using node@v24.14.0
3 silly config load:file:C:\Program Files\nodejs\node_modules\npm\npmrc
4 silly config load:file:D:\Documents\Github\OI SKILLS LAB Tutoring\hydration-monitor\.npmrc
5 silly config load:file:C:\Users\hussa\.npmrc
6 silly config load:file:C:\Users\hussa\AppData\Roaming\npm\etc\npmrc
7 verbose title npm install prompt-sync
8 verbose argv "install" "prompt-sync"
9 verbose logfile logs-max:10 dir:D:\Documents\Github\OI SKILLS LAB Tutoring\hydration-monitor\npm-cache\_logs\2026-06-10T15_34_51_458Z-
10 verbose logfile D:\Documents\Github\OI SKILLS LAB Tutoring\hydration-monitor\npm-cache\_logs\2026-06-10T15_34_51_458Z-debug-0.log
11 silly logfile done cleaning log files
12 silly packumentCache heap:2348810240 maxSize:587202560 maxEntrySize:293601280
13 silly idealTree buildDeps
14 silly fetch manifest prompt-sync@*
15 silly packumentCache full:https://registry.npmjs.org/prompt-sync cache-miss
16 http fetch GET 200 https://registry.npmjs.org/prompt-sync 2693ms (cache miss)
17 silly packumentCache full:https://registry.npmjs.org/prompt-sync set size:undefined disposed:false
18 silly placeDep ROOT prompt-sync@4.2.0 OK for: hydration-monitor@1.0.0 want: *
19 silly fetch manifest strip-ansi@^5.0.0
20 silly packumentCache full:https://registry.npmjs.org/strip-ansi cache-miss
21 http fetch GET 200 https://registry.npmjs.org/strip-ansi 1049ms (cache miss)
22 silly packumentCache full:https://registry.npmjs.org/strip-ansi set size:undefined disposed:false
23 silly placeDep ROOT strip-ansi@5.2.0 OK for: prompt-sync@4.2.0 want: ^5.0.0
24 silly fetch manifest ansi-regex@^4.1.0
25 silly packumentCache full:https://registry.npmjs.org/ansi-regex cache-miss
26 http fetch GET 200 https://registry.npmjs.org/ansi-regex 562ms (cache miss)
27 silly packumentCache full:https://registry.npmjs.org/ansi-regex set size:undefined disposed:false
28 silly placeDep ROOT ansi-regex@4.1.1 OK for: strip-ansi@5.2.0 want: ^4.1.0
29 silly reify moves {}
30 silly audit bulk request {
30 silly audit   'prompt-sync': [ '4.2.0' ],
30 silly audit   'strip-ansi': [ '5.2.0' ],
30 silly audit   'ansi-regex': [ '4.1.1' ]
30 silly audit }
31 http cache ansi-regex@https://registry.npmjs.org/ansi-regex/-/ansi-regex-4.1.1.tgz 0ms (cache hit)
32 http cache prompt-sync@https://registry.npmjs.org/prompt-sync/-/prompt-sync-4.2.0.tgz 0ms (cache hit)
33 http cache strip-ansi@https://registry.npmjs.org/strip-ansi/-/strip-ansi-5.2.0.tgz 0ms (cache hit)
34 silly tarball no local data for ansi-regex@https://registry.npmjs.org/ansi-regex/-/ansi-regex-4.1.1.tgz. Extracting by manifest.
35 silly tarball no local data for prompt-sync@https://registry.npmjs.org/prompt-sync/-/prompt-sync-4.2.0.tgz. Extracting by manifest.
36 silly tarball no local data for strip-ansi@https://registry.npmjs.org/strip-ansi/-/strip-ansi-5.2.0.tgz. Extracting by manifest.
37 http fetch POST 200 https://registry.npmjs.org/-/npm/v1/security/advisories/bulk 2894ms
38 silly audit report {}
39 http fetch GET 200 https://registry.npmjs.org/ansi-regex/-/ansi-regex-4.1.1.tgz 7489ms (cache miss)
40 http fetch GET 200 https://registry.npmjs.org/strip-ansi/-/strip-ansi-5.2.0.tgz 7488ms (cache miss)
41 http fetch GET 200 https://registry.npmjs.org/prompt-sync/-/prompt-sync-4.2.0.tgz 8462ms (cache miss)
42 silly ADD node_modules/ansi-regex
43 silly ADD node_modules/strip-ansi
44 silly ADD node_modules/prompt-sync
45 verbose cwd D:\Documents\Github\OI SKILLS LAB Tutoring\hydration-monitor
46 verbose os Windows_NT 10.0.22000
47 verbose node v24.14.0
48 verbose npm  v11.9.0
49 verbose exit 0
50 info ok
